src/app/api/leases/[id]/route.ts(47,32): error TS2339: Property 'lease' does not exist on type 'PrismaClient'.
src/app/api/leases/[id]/route.ts(92,8): error TS7006: Parameter 'p' implicitly has an 'any' type.
src/app/api/leases/[id]/route.ts(95,8): error TS7006: Parameter 'p' implicitly has an 'any' type.
src/app/api/leases/[id]/route.ts(97,49): error TS7006: Parameter 'sum' implicitly has an 'any' type.
src/app/api/leases/[id]/route.ts(97,54): error TS7006: Parameter 'p' implicitly has an 'any' type.
src/app/api/leases/[id]/route.ts(98,50): error TS7006: Parameter 'sum' implicitly has an 'any' type.
src/app/api/leases/[id]/route.ts(98,55): error TS7006: Parameter 'p' implicitly has an 'any' type.
src/app/api/leases/[id]/route.ts(174,40): error TS2339: Property 'lease' does not exist on type 'PrismaClient'.
src/app/api/leases/[id]/route.ts(212,35): error TS2339: Property 'tenant' does not exist on type 'PrismaClient'.
src/app/api/leases/[id]/route.ts(227,32): error TS2339: Property 'lease' does not exist on type 'PrismaClient'.
src/app/api/leases/[id]/route.ts(274,17): error TS2322: Type '"RENTED"' is not assignable to type 'PropertyStatus | EnumPropertyStatusFieldUpdateOperationsInput | undefined'.
src/app/api/leases/[id]/route.ts(278,20): error TS2339: Property 'tenant' does not exist on type 'PrismaClient'.
src/app/api/leases/[id]/route.ts(348,40): error TS2339: Property 'lease' does not exist on type 'PrismaClient'.
src/app/api/leases/[id]/route.ts(357,39): error TS2339: Property 'payment' does not exist on type 'PrismaClient'.
src/app/api/leases/[id]/route.ts(363,20): error TS2339: Property 'lease' does not exist on type 'PrismaClient'.
src/app/api/leases/[id]/route.ts(379,18): error TS2339: Property 'lease' does not exist on type 'PrismaClient'.
src/app/api/leases/route.ts(64,33): error TS2339: Property 'lease' does not exist on type 'PrismaClient'.
src/app/api/leases/route.ts(107,43): error TS7006: Parameter 'lease' implicitly has an 'any' type.
src/app/api/leases/route.ts(115,18): error TS7006: Parameter 'p' implicitly has an 'any' type.
src/app/api/leases/route.ts(116,18): error TS7006: Parameter 'sum' implicitly has an 'any' type.
src/app/api/leases/route.ts(116,23): error TS7006: Parameter 'p' implicitly has an 'any' type.
src/app/api/leases/route.ts(201,33): error TS2339: Property 'tenant' does not exist on type 'PrismaClient'.
src/app/api/leases/route.ts(223,43): error TS2339: Property 'lease' does not exist on type 'PrismaClient'.
src/app/api/leases/route.ts(247,32): error TS2339: Property 'lease' does not exist on type 'PrismaClient'.
src/app/api/leases/route.ts(288,11): error TS2322: Type '"RENTED"' is not assignable to type 'PropertyStatus | EnumPropertyStatusFieldUpdateOperationsInput | undefined'.
src/app/api/leases/route.ts(294,20): error TS2339: Property 'tenant' does not exist on type 'PrismaClient'.
src/app/api/maintenance/[id]/route.ts(47,45): error TS2339: Property 'maintenanceRequest' does not exist on type 'PrismaClient'.
src/app/api/maintenance/[id]/route.ts(109,52): error TS7006: Parameter 'c' implicitly has an 'any' type.
src/app/api/maintenance/[id]/route.ts(156,42): error TS2339: Property 'maintenanceRequest' does not exist on type 'PrismaClient'.
src/app/api/maintenance/[id]/route.ts(186,45): error TS2339: Property 'maintenanceRequest' does not exist on type 'PrismaClient'.
src/app/api/maintenance/[id]/route.ts(283,42): error TS2339: Property 'maintenanceRequest' does not exist on type 'PrismaClient'.
src/app/api/maintenance/[id]/route.ts(294,18): error TS2339: Property 'maintenanceRequest' does not exist on type 'PrismaClient'.
src/app/api/maintenance/route.ts(58,35): error TS2339: Property 'maintenanceRequest' does not exist on type 'PrismaClient'.
src/app/api/maintenance/route.ts(96,47): error TS7006: Parameter 'req' implicitly has an 'any' type.
src/app/api/maintenance/route.ts(127,30): error TS7006: Parameter 'r' implicitly has an 'any' type.
src/app/api/maintenance/route.ts(128,36): error TS7006: Parameter 'r' implicitly has an 'any' type.
src/app/api/maintenance/route.ts(129,35): error TS7006: Parameter 'r' implicitly has an 'any' type.
src/app/api/maintenance/route.ts(131,10): error TS7006: Parameter 'r' implicitly has an 'any' type.
src/app/api/maintenance/route.ts(134,10): error TS7006: Parameter 'sum' implicitly has an 'any' type.
src/app/api/maintenance/route.ts(134,15): error TS7006: Parameter 'r' implicitly has an 'any' type.
src/app/api/maintenance/route.ts(137,37): error TS7006: Parameter 'sum' implicitly has an 'any' type.
src/app/api/maintenance/route.ts(137,42): error TS7006: Parameter 'r' implicitly has an 'any' type.
src/app/api/maintenance/route.ts(220,45): error TS2339: Property 'maintenanceRequest' does not exist on type 'PrismaClient'.
src/app/api/payments/[id]/route.ts(47,34): error TS2339: Property 'payment' does not exist on type 'PrismaClient'.
src/app/api/payments/[id]/route.ts(146,42): error TS2339: Property 'payment' does not exist on type 'PrismaClient'.
src/app/api/payments/[id]/route.ts(167,34): error TS2339: Property 'payment' does not exist on type 'PrismaClient'.
src/app/api/payments/[id]/route.ts(259,42): error TS2339: Property 'payment' does not exist on type 'PrismaClient'.
src/app/api/payments/[id]/route.ts(269,20): error TS2339: Property 'payment' does not exist on type 'PrismaClient'.
src/app/api/payments/[id]/route.ts(291,18): error TS2339: Property 'payment' does not exist on type 'PrismaClient'.
src/app/api/payments/route.ts(60,37): error TS2339: Property 'lease' does not exist on type 'PrismaClient'.
src/app/api/payments/route.ts(64,43): error TS7006: Parameter 'l' implicitly has an 'any' type.
src/app/api/payments/route.ts(76,35): error TS2339: Property 'payment' does not exist on type 'PrismaClient'.
src/app/api/payments/route.ts(108,47): error TS7006: Parameter 'payment' implicitly has an 'any' type.
src/app/api/payments/route.ts(144,18): error TS7006: Parameter 'p' implicitly has an 'any' type.
src/app/api/payments/route.ts(145,18): error TS7006: Parameter 'sum' implicitly has an 'any' type.
src/app/api/payments/route.ts(145,23): error TS7006: Parameter 'p' implicitly has an 'any' type.
src/app/api/payments/route.ts(147,18): error TS7006: Parameter 'p' implicitly has an 'any' type.
src/app/api/payments/route.ts(148,18): error TS7006: Parameter 'sum' implicitly has an 'any' type.
src/app/api/payments/route.ts(148,23): error TS7006: Parameter 'p' implicitly has an 'any' type.
src/app/api/payments/route.ts(149,40): error TS7006: Parameter 'p' implicitly has an 'any' type.
src/app/api/payments/route.ts(150,38): error TS7006: Parameter 'p' implicitly has an 'any' type.
src/app/api/payments/route.ts(211,32): error TS2339: Property 'lease' does not exist on type 'PrismaClient'.
src/app/api/payments/route.ts(222,33): error TS2339: Property 'tenant' does not exist on type 'PrismaClient'.
src/app/api/payments/route.ts(232,34): error TS2339: Property 'payment' does not exist on type 'PrismaClient'.
src/app/api/tenants/[id]/route.ts(47,33): error TS2339: Property 'tenant' does not exist on type 'PrismaClient'.
src/app/api/tenants/[id]/route.ts(95,8): error TS7006: Parameter 'p' implicitly has an 'any' type.
src/app/api/tenants/[id]/route.ts(97,49): error TS7006: Parameter 'sum' implicitly has an 'any' type.
src/app/api/tenants/[id]/route.ts(97,54): error TS7006: Parameter 'p' implicitly has an 'any' type.
src/app/api/tenants/[id]/route.ts(99,8): error TS7006: Parameter 'p' implicitly has an 'any' type.
src/app/api/tenants/[id]/route.ts(101,50): error TS7006: Parameter 'sum' implicitly has an 'any' type.
src/app/api/tenants/[id]/route.ts(101,55): error TS7006: Parameter 'p' implicitly has an 'any' type.
src/app/api/tenants/[id]/route.ts(166,41): error TS2339: Property 'tenant' does not exist on type 'PrismaClient'.
src/app/api/tenants/[id]/route.ts(190,43): error TS2339: Property 'tenant' does not exist on type 'PrismaClient'.
src/app/api/tenants/[id]/route.ts(214,33): error TS2339: Property 'tenant' does not exist on type 'PrismaClient'.
src/app/api/tenants/[id]/route.ts(296,41): error TS2339: Property 'tenant' does not exist on type 'PrismaClient'.
src/app/api/tenants/[id]/route.ts(305,39): error TS2339: Property 'lease' does not exist on type 'PrismaClient'.
src/app/api/tenants/[id]/route.ts(319,18): error TS2339: Property 'tenant' does not exist on type 'PrismaClient'.
src/app/api/tenants/route.ts(60,34): error TS2339: Property 'tenant' does not exist on type 'PrismaClient'.
src/app/api/tenants/route.ts(84,45): error TS7006: Parameter 'tenant' implicitly has an 'any' type.
src/app/api/tenants/route.ts(169,41): error TS2339: Property 'tenant' does not exist on type 'PrismaClient'.
src/app/api/tenants/route.ts(181,33): error TS2339: Property 'tenant' does not exist on type 'PrismaClient'.
src/app/api/transactions/route.ts(75,9): error TS2353: Object literal may only specify known properties, and 'tenant' does not exist in type 'TransactionInclude<DefaultArgs>'.
src/app/api/transactions/route.ts(106,19): error TS2339: Property 'tenant' does not exist on type '{ id: string; type: TransactionType; notes: string | null; createdAt: Date; updatedAt: Date; organizationId: string; propertyId: string | null; category: string; ... 5 more ...; reference: string | null; }'.
src/app/api/transactions/route.ts(108,20): error TS2339: Property 'tenant' does not exist on type '{ id: string; type: TransactionType; notes: string | null; createdAt: Date; updatedAt: Date; organizationId: string; propertyId: string | null; category: string; ... 5 more ...; reference: string | null; }'.
src/app/api/transactions/route.ts(109,30): error TS2339: Property 'tenant' does not exist on type '{ id: string; type: TransactionType; notes: string | null; createdAt: Date; updatedAt: Date; organizationId: string; propertyId: string | null; category: string; ... 5 more ...; reference: string | null; }'.
src/app/api/transactions/route.ts(109,52): error TS2339: Property 'tenant' does not exist on type '{ id: string; type: TransactionType; notes: string | null; createdAt: Date; updatedAt: Date; organizationId: string; propertyId: string | null; category: string; ... 5 more ...; reference: string | null; }'.
src/app/api/transactions/route.ts(196,9): error TS2353: Object literal may only specify known properties, and 'tenantId' does not exist in type 'Without<TransactionCreateInput, TransactionUncheckedCreateInput> & TransactionUncheckedCreateInput'.
src/app/api/vendors/[id]/route.ts(50,9): error TS2353: Object literal may only specify known properties, and 'maintenanceRequests' does not exist in type 'VendorInclude<DefaultArgs>'.
src/app/api/vendors/[id]/route.ts(67,34): error TS2339: Property 'maintenanceRequests' does not exist on type '{ id: string; address: string | null; city: string | null; state: string | null; zip: string | null; notes: string | null; createdAt: Date; updatedAt: Date; organizationId: string; ... 8 more ...; insuranceExpiry: Date | null; }'.
src/app/api/vendors/[id]/route.ts(68,8): error TS7006: Parameter 'j' implicitly has an 'any' type.
src/app/api/vendors/[id]/route.ts(71,8): error TS7006: Parameter 'sum' implicitly has an 'any' type.
src/app/api/vendors/[id]/route.ts(71,13): error TS7006: Parameter 'j' implicitly has an 'any' type.
src/app/api/vendors/[id]/route.ts(92,28): error TS2339: Property 'maintenanceRequests' does not exist on type '{ id: string; address: string | null; city: string | null; state: string | null; zip: string | null; notes: string | null; createdAt: Date; updatedAt: Date; organizationId: string; ... 8 more ...; insuranceExpiry: Date | null; }'.
src/app/api/vendors/[id]/route.ts(94,29): error TS2339: Property 'maintenanceRequests' does not exist on type '{ id: string; address: string | null; city: string | null; state: string | null; zip: string | null; notes: string | null; createdAt: Date; updatedAt: Date; organizationId: string; ... 8 more ...; insuranceExpiry: Date | null; }'.
src/app/api/vendors/[id]/route.ts(244,35): error TS2339: Property 'maintenanceRequest' does not exist on type 'PrismaClient'.
src/app/api/vendors/route.ts(54,9): error TS2353: Object literal may only specify known properties, and '_count' does not exist in type 'VendorInclude<DefaultArgs>'.
src/app/api/vendors/route.ts(85,21): error TS2339: Property '_count' does not exist on type '{ id: string; address: string | null; city: string | null; state: string | null; zip: string | null; notes: string | null; createdAt: Date; updatedAt: Date; organizationId: string; ... 8 more ...; insuranceExpiry: Date | null; }'.
src/components/DashboardClient.tsx(146,31): error TS2322: Type '{ properties: PropertyWithCalculations[]; }' is not assignable to type 'IntrinsicAttributes & AIDealScoringProps'.
  Property 'properties' does not exist on type 'IntrinsicAttributes & AIDealScoringProps'. Did you mean 'property'?
src/components/StrategyKanban.tsx(212,58): error TS2339: Property 'id' does not exist on type 'never'.
src/components/StrategyKanban.tsx(213,56): error TS2339: Property 'id' does not exist on type 'never'.
src/components/StrategyKanban.tsx(221,58): error TS2339: Property 'id' does not exist on type 'never'.
src/components/StrategyKanban.tsx(224,35): error TS2698: Spread types may only be created from object types.
src/components/StrategyKanban.tsx(225,70): error TS2345: Argument of type 'any' is not assignable to parameter of type 'never'.
src/components/StrategyKanban.tsx(227,58): error TS2339: Property 'id' does not exist on type 'never'.
src/components/StrategyKanban.tsx(228,46): error TS2345: Argument of type 'any' is not assignable to parameter of type 'never'.
